// Jest Snapshot v1, https://goo.gl/fbAQLP

exports[`renders item component correctly 1`] = `
<div
  className="house-container"
  style={
    Object {
      "backgroundImage": "url(https://www.thecocktaildb.com/images/media/drink/tqpvqp1472668328.jpg)",
    }
  }
>
  <a
    className="house-button"
    data-testid="house-link"
    href="/houses/1"
    onClick={[Function]}
  >
    See Details
  </a>
</div>
`;
